┌────────┬─────────────────────────┬─────────────────────────┬────────┬────────┐
TS_LF
│
TS_SGR [38,5,242]
00000000
TS_SGR [0]
│ 
TS_SGR [36]
61 
TS_SGR [0]
TS_SGR [32]
0a 
TS_SGR [0]
TS_SGR [35]
1b 
TS_SGR [0]
TS_SGR [36]
5b 
TS_SGR [0]
TS_SGR [36]
30 
TS_SGR [0]
TS_SGR [36]
6d 
TS_SGR [0]
TS_SGR [35]
1b 
TS_SGR [0]
TS_SGR [36]
5b 
TS_SGR [0]
┊ 
TS_SGR [36]
30 
TS_SGR [0]
TS_SGR [36]
31 
TS_SGR [0]
TS_SGR [36]
3b 
TS_SGR [0]
TS_SGR [36]
33 
TS_SGR [0]
TS_SGR [36]
34 
TS_SGR [0]
TS_SGR [36]
6d 
TS_SGR [0]
TS_SGR [36]
62 
TS_SGR [0]
TS_SGR [35]
1b 
TS_SGR [0]
│
TS_SGR [36]
a
TS_SGR [0]
TS_SGR [32]
_
TS_SGR [0]
TS_SGR [35]
•
TS_SGR [0]
TS_SGR [36]
[
TS_SGR [0]
TS_SGR [36]
0
TS_SGR [0]
TS_SGR [36]
m
TS_SGR [0]
TS_SGR [35]
•
TS_SGR [0]
TS_SGR [36]
[
TS_SGR [0]
┊
TS_SGR [36]
0
TS_SGR [0]
TS_SGR [36]
1
TS_SGR [0]
TS_SGR [36]
;
TS_SGR [0]
TS_SGR [36]
3
TS_SGR [0]
TS_SGR [36]
4
TS_SGR [0]
TS_SGR [36]
m
TS_SGR [0]
TS_SGR [36]
b
TS_SGR [0]
TS_SGR [35]
•
TS_SGR [0]
│
TS_LF
│
TS_SGR [38,5,242]
00000010
TS_SGR [0]
│ 
TS_SGR [36]
5b 
TS_SGR [0]
TS_SGR [36]
30 
TS_SGR [0]
TS_SGR [36]
6d 
TS_SGR [0]
TS_SGR [32]
0a 
TS_SGR [0]
TS_SGR [36]
63 
TS_SGR [0]
TS_SGR [32]
0a 
TS_SGR [0]
TS_SGR [35]
1b 
TS_SGR [0]
TS_SGR [36]
5b 
TS_SGR [0]
┊ 
TS_SGR [36]
34 
TS_SGR [0]
TS_SGR [36]
30 
TS_SGR [0]
TS_SGR [36]
3b 
TS_SGR [0]
TS_SGR [36]
33 
TS_SGR [0]
TS_SGR [36]
31 
TS_SGR [0]
TS_SGR [36]
3b 
TS_SGR [0]
TS_SGR [36]
30 
TS_SGR [0]
TS_SGR [36]
31 
TS_SGR [0]
│
TS_SGR [36]
[
TS_SGR [0]
TS_SGR [36]
0
TS_SGR [0]
TS_SGR [36]
m
TS_SGR [0]
TS_SGR [32]
_
TS_SGR [0]
TS_SGR [36]
c
TS_SGR [0]
TS_SGR [32]
_
TS_SGR [0]
TS_SGR [35]
•
TS_SGR [0]
TS_SGR [36]
[
TS_SGR [0]
┊
TS_SGR [36]
4
TS_SGR [0]
TS_SGR [36]
0
TS_SGR [0]
TS_SGR [36]
;
TS_SGR [0]
TS_SGR [36]
3
TS_SGR [0]
TS_SGR [36]
1
TS_SGR [0]
TS_SGR [36]
;
TS_SGR [0]
TS_SGR [36]
0
TS_SGR [0]
TS_SGR [36]
1
TS_SGR [0]
│
TS_LF
│
TS_SGR [38,5,242]
00000020
TS_SGR [0]
│ 
TS_SGR [36]
6d 
TS_SGR [0]
TS_SGR [36]
66 
TS_SGR [0]
TS_SGR [36]
6f 
TS_SGR [0]
TS_SGR [36]
6f 
TS_SGR [0]
TS_SGR [36]
62 
TS_SGR [0]
TS_SGR [36]
61 
TS_SGR [0]
TS_SGR [36]
72 
TS_SGR [0]
TS_SGR [35]
1b 
TS_SGR [0]
┊ 
TS_SGR [36]
5b 
TS_SGR [0]
TS_SGR [36]
30 
TS_SGR [0]
TS_SGR [36]
6d 
TS_SGR [0]
TS_SGR [32]
0a 
TS_SGR [0]
            │
TS_SGR [36]
m
TS_SGR [0]
TS_SGR [36]
f
TS_SGR [0]
TS_SGR [36]
o
TS_SGR [0]
TS_SGR [36]
o
TS_SGR [0]
TS_SGR [36]
b
TS_SGR [0]
TS_SGR [36]
a
TS_SGR [0]
TS_SGR [36]
r
TS_SGR [0]
TS_SGR [35]
•
TS_SGR [0]
┊
TS_SGR [36]
[
TS_SGR [0]
TS_SGR [36]
0
TS_SGR [0]
TS_SGR [36]
m
TS_SGR [0]
TS_SGR [32]
_
TS_SGR [0]
    │
TS_LF
└────────┴─────────────────────────┴─────────────────────────┴────────┴────────┘
TS_LF

