a
TSControlCharacter CC_LF
TSTermSequenceCSI (TSC_SGR [0])
TSTermSequenceCSI (TSC_SGR [1,34])
b
TSTermSequenceCSI (TSC_SGR [0])
TSControlCharacter CC_LF
c
TSControlCharacter CC_LF
TSTermSequenceCSI (TSC_SGR [40,31,1])
foobar
TSTermSequenceCSI (TSC_SGR [0])
TSControlCharacter CC_LF

